16:52:41 **** Incremental Build of configuration Debug for project stm32f4_mpu_driver_not_stm32cubeMX ****
make -j8 all 
arm-none-eabi-gcc "../Src/main.c" -mcpu=cortex-m4 -std=gnu11 -g3 -DDEBUG -DSTM32 -DSTM32F401RETx -DSTM32F4 -c -I../Inc -I"D:/Workplace/STM32/MPU/stm32f4_mpu_driver_not_stm32cubeMX/mpu_driver/inc" -I"D:/Workplace/STM32/MPU/stm32f4_mpu_driver_not_stm32cubeMX/Generate_Mpu_Config/inc" -O0 -ffunction-sections -fdata-sections -Wall -fstack-usage -fcyclomatic-complexity -MMD -MP -MF"Src/main.d" -MT"Src/main.o" --specs=nano.specs -mfpu=fpv4-sp-d16 -mfloat-abi=hard -mthumb -o "Src/main.o"
arm-none-eabi-gcc -o "stm32f4_mpu_driver_not_stm32cubeMX.elf" @"objects.list"   -mcpu=cortex-m4 -T"D:\Workplace\STM32\MPU\stm32f4_mpu_driver_not_stm32cubeMX\STM32F401RETX_FLASH.ld" --specs=nosys.specs -Wl,-Map="stm32f4_mpu_driver_not_stm32cubeMX.map" -Wl,--gc-sections -static --specs=nano.specs -mfpu=fpv4-sp-d16 -mfloat-abi=hard -mthumb -Wl,--start-group -lc -lm -Wl,--end-group
Finished building target: stm32f4_mpu_driver_not_stm32cubeMX.elf
 
arm-none-eabi-size  stm32f4_mpu_driver_not_stm32cubeMX.elf 
arm-none-eabi-objdump -h -S stm32f4_mpu_driver_not_stm32cubeMX.elf  > "stm32f4_mpu_driver_not_stm32cubeMX.list"
   text	   data	    bss	    dec	    hex	filename
   1588	      4	   1564	   3156	    c54	stm32f4_mpu_driver_not_stm32cubeMX.elf
Finished building: default.size.stdout
 
Finished building: stm32f4_mpu_driver_not_stm32cubeMX.list
 
16:52:44 **** Incremental Build of configuration Debug for project stm32f4_mpu_driver_not_stm32cubeMX ****
make -j8 all 
arm-none-eabi-size  stm32f4_mpu_driver_not_stm32cubeMX.elf 
   text	   data	    bss	    dec	    hex	filename
   1588	      4	   1564	   3156	    c54	stm32f4_mpu_driver_not_stm32cubeMX.elf
Finished building: default.size.stdout
 
16:53:45 **** Incremental Build of configuration Debug for project stm32f4_mpu_driver_not_stm32cubeMX ****
make -j8 all 
arm-none-eabi-gcc "../Src/main.c" -mcpu=cortex-m4 -std=gnu11 -g3 -DDEBUG -DSTM32 -DSTM32F401RETx -DSTM32F4 -c -I../Inc -I"D:/Workplace/STM32/MPU/stm32f4_mpu_driver_not_stm32cubeMX/mpu_driver/inc" -I"D:/Workplace/STM32/MPU/stm32f4_mpu_driver_not_stm32cubeMX/Generate_Mpu_Config/inc" -O0 -ffunction-sections -fdata-sections -Wall -fstack-usage -fcyclomatic-complexity -MMD -MP -MF"Src/main.d" -MT"Src/main.o" --specs=nano.specs -mfpu=fpv4-sp-d16 -mfloat-abi=hard -mthumb -o "Src/main.o"
arm-none-eabi-gcc -o "stm32f4_mpu_driver_not_stm32cubeMX.elf" @"objects.list"   -mcpu=cortex-m4 -T"D:\Workplace\STM32\MPU\stm32f4_mpu_driver_not_stm32cubeMX\STM32F401RETX_FLASH.ld" --specs=nosys.specs -Wl,-Map="stm32f4_mpu_driver_not_stm32cubeMX.map" -Wl,--gc-sections -static --specs=nano.specs -mfpu=fpv4-sp-d16 -mfloat-abi=hard -mthumb -Wl,--start-group -lc -lm -Wl,--end-group
Finished building target: stm32f4_mpu_driver_not_stm32cubeMX.elf
 
arm-none-eabi-size  stm32f4_mpu_driver_not_stm32cubeMX.elf 
arm-none-eabi-objdump -h -S stm32f4_mpu_driver_not_stm32cubeMX.elf  > "stm32f4_mpu_driver_not_stm32cubeMX.list"
   text	   data	    bss	    dec	    hex	filename
   1588	      4	   1564	   3156	    c54	stm32f4_mpu_driver_not_stm32cubeMX.elf
Finished building: default.size.stdout
 
Finished building: stm32f4_mpu_driver_not_stm32cubeMX.list
 
