16:20:03 **** Incremental Build of configuration Debug for project stm32f4_test_mpu_driver ****
make -j8 all 
arm-none-eabi-gcc "../Core/Src/main.c" -mcpu=cortex-m4 -std=gnu11 -g3 -DDEBUG -DUSE_HAL_DRIVER -DSTM32F401xE -c -I../Core/Inc -I../Drivers/STM32F4xx_HAL_Driver/Inc -I../Drivers/STM32F4xx_HAL_Driver/Inc/Legacy -I../Drivers/CMSIS/Device/ST/STM32F4xx/Include -I../Drivers/CMSIS/Include -O0 -ffunction-sections -fdata-sections -Wall -fstack-usage -fcyclomatic-complexity -MMD -MP -MF"Core/Src/main.d" -MT"Core/Src/main.o" --specs=nano.specs -mfpu=fpv4-sp-d16 -mfloat-abi=hard -mthumb -o "Core/Src/main.o"
arm-none-eabi-gcc -o "stm32f4_test_mpu_driver.elf" @"objects.list"   -mcpu=cortex-m4 -T"D:\Workplace\STM32\MPU\stm32f4_test_mpu_driver\STM32F401RETX_FLASH.ld" --specs=nosys.specs -Wl,-Map="stm32f4_test_mpu_driver.map" -Wl,--gc-sections -static --specs=nano.specs -mfpu=fpv4-sp-d16 -mfloat-abi=hard -mthumb -Wl,--start-group -lc -lm -Wl,--end-group
Finished building target: stm32f4_test_mpu_driver.elf
 
arm-none-eabi-size  stm32f4_test_mpu_driver.elf 
arm-none-eabi-objdump -h -S stm32f4_test_mpu_driver.elf  > "stm32f4_test_mpu_driver.list"
   text	   data	    bss	    dec	    hex	filename
   1520	      4	   1572	   3096	    c18	stm32f4_test_mpu_driver.elf
Finished building: default.size.stdout
 
Finished building: stm32f4_test_mpu_driver.list
 

16:20:04 Build Finished. 0 errors, 0 warnings. (took 1s.249ms)

