14:57:15 **** Build of configuration Debug for project stm32f4_test_mpu_driver_not_stm32cubeMx ****
make -j8 all 
arm-none-eabi-gcc "../mpu_driver/src/MPU.c" -mcpu=cortex-m4 -std=gnu11 -g3 -DDEBUG -DSTM32 -DSTM32F401RETx -DSTM32F4 -c -I"D:/Workplace/STM32/stm32f4_test_mpu_driver_not_stm32cubeMx/mpu_driver/inc" -I"D:/Workplace/STM32/stm32f4_test_mpu_driver_not_stm32cubeMx/Inc" -I"D:/Workplace/STM32/stm32f4_test_mpu_driver_not_stm32cubeMx/Generate/Inc" -I"D:/Workplace/STM32/stm32f4_test_mpu_driver_not_stm32cubeMx/mpu_driver/src" -I"D:/Workplace/STM32/stm32f4_test_mpu_driver_not_stm32cubeMx/Generate/Src" -O0 -ffunction-sections -fdata-sections -Wall -fstack-usage -fcyclomatic-complexity -MMD -MP -MF"mpu_driver/src/MPU.d" -MT"mpu_driver/src/MPU.o" --specs=nano.specs -mfpu=fpv4-sp-d16 -mfloat-abi=hard -mthumb -o "mpu_driver/src/MPU.o"
arm-none-eabi-gcc -mcpu=cortex-m4 -g3 -DDEBUG -c -I"D:/Workplace/STM32/stm32f4_test_mpu_driver_not_stm32cubeMx/Inc" -I"D:/Workplace/STM32/stm32f4_test_mpu_driver_not_stm32cubeMx/Generate/Inc" -I"D:/Workplace/STM32/stm32f4_test_mpu_driver_not_stm32cubeMx/mpu_driver/src" -x assembler-with-cpp -MMD -MP -MF"Startup/startup_stm32f401retx.d" -MT"Startup/startup_stm32f401retx.o" --specs=nano.specs -mfpu=fpv4-sp-d16 -mfloat-abi=hard -mthumb -o "Startup/startup_stm32f401retx.o" "../Startup/startup_stm32f401retx.s"
arm-none-eabi-gcc "../Src/main.c" -mcpu=cortex-m4 -std=gnu11 -g3 -DDEBUG -DSTM32 -DSTM32F401RETx -DSTM32F4 -c -I"D:/Workplace/STM32/stm32f4_test_mpu_driver_not_stm32cubeMx/mpu_driver/inc" -I"D:/Workplace/STM32/stm32f4_test_mpu_driver_not_stm32cubeMx/Inc" -I"D:/Workplace/STM32/stm32f4_test_mpu_driver_not_stm32cubeMx/Generate/Inc" -I"D:/Workplace/STM32/stm32f4_test_mpu_driver_not_stm32cubeMx/mpu_driver/src" -I"D:/Workplace/STM32/stm32f4_test_mpu_driver_not_stm32cubeMx/Generate/Src" -O0 -ffunction-sections -fdata-sections -Wall -fstack-usage -fcyclomatic-complexity -MMD -MP -MF"Src/main.d" -MT"Src/main.o" --specs=nano.specs -mfpu=fpv4-sp-d16 -mfloat-abi=hard -mthumb -o "Src/main.o"
arm-none-eabi-gcc "../Src/syscalls.c" -mcpu=cortex-m4 -std=gnu11 -g3 -DDEBUG -DSTM32 -DSTM32F401RETx -DSTM32F4 -c -I"D:/Workplace/STM32/stm32f4_test_mpu_driver_not_stm32cubeMx/mpu_driver/inc" -I"D:/Workplace/STM32/stm32f4_test_mpu_driver_not_stm32cubeMx/Inc" -I"D:/Workplace/STM32/stm32f4_test_mpu_driver_not_stm32cubeMx/Generate/Inc" -I"D:/Workplace/STM32/stm32f4_test_mpu_driver_not_stm32cubeMx/mpu_driver/src" -I"D:/Workplace/STM32/stm32f4_test_mpu_driver_not_stm32cubeMx/Generate/Src" -O0 -ffunction-sections -fdata-sections -Wall -fstack-usage -fcyclomatic-complexity -MMD -MP -MF"Src/syscalls.d" -MT"Src/syscalls.o" --specs=nano.specs -mfpu=fpv4-sp-d16 -mfloat-abi=hard -mthumb -o "Src/syscalls.o"
arm-none-eabi-gcc "../Src/sysmem.c" -mcpu=cortex-m4 -std=gnu11 -g3 -DDEBUG -DSTM32 -DSTM32F401RETx -DSTM32F4 -c -I"D:/Workplace/STM32/stm32f4_test_mpu_driver_not_stm32cubeMx/mpu_driver/inc" -I"D:/Workplace/STM32/stm32f4_test_mpu_driver_not_stm32cubeMx/Inc" -I"D:/Workplace/STM32/stm32f4_test_mpu_driver_not_stm32cubeMx/Generate/Inc" -I"D:/Workplace/STM32/stm32f4_test_mpu_driver_not_stm32cubeMx/mpu_driver/src" -I"D:/Workplace/STM32/stm32f4_test_mpu_driver_not_stm32cubeMx/Generate/Src" -O0 -ffunction-sections -fdata-sections -Wall -fstack-usage -fcyclomatic-complexity -MMD -MP -MF"Src/sysmem.d" -MT"Src/sysmem.o" --specs=nano.specs -mfpu=fpv4-sp-d16 -mfloat-abi=hard -mthumb -o "Src/sysmem.o"
arm-none-eabi-gcc -o "stm32f4_test_mpu_driver_not_stm32cubeMx.elf" @"objects.list"   -mcpu=cortex-m4 -T"D:\Workplace\STM32\stm32f4_test_mpu_driver_not_stm32cubeMx\STM32F401RETX_FLASH.ld" --specs=nosys.specs -Wl,-Map="stm32f4_test_mpu_driver_not_stm32cubeMx.map" -Wl,--gc-sections -static --specs=nano.specs -mfpu=fpv4-sp-d16 -mfloat-abi=hard -mthumb -Wl,--start-group -lc -lm -Wl,--end-group
Finished building target: stm32f4_test_mpu_driver_not_stm32cubeMx.elf
 
arm-none-eabi-size  stm32f4_test_mpu_driver_not_stm32cubeMx.elf 
arm-none-eabi-objdump -h -S stm32f4_test_mpu_driver_not_stm32cubeMx.elf  > "stm32f4_test_mpu_driver_not_stm32cubeMx.list"
   text	   data	    bss	    dec	    hex	filename
   1604	      4	   1564	   3172	    c64	stm32f4_test_mpu_driver_not_stm32cubeMx.elf
Finished building: default.size.stdout
 
Finished building: stm32f4_test_mpu_driver_not_stm32cubeMx.list
 

14:57:17 Build Finished. 0 errors, 0 warnings. (took 1s.549ms)

