15:44:50 **** Incremental Build of configuration Debug for project stm32f407vet_blink_led ****
make -j8 all 
arm-none-eabi-gcc "../Core/Src/main.c" -mcpu=cortex-m4 -std=gnu11 -g3 -DDEBUG -DUSE_HAL_DRIVER -DSTM32F407xx -c -I../Core/Inc -I../Drivers/STM32F4xx_HAL_Driver/Inc -I../Drivers/STM32F4xx_HAL_Driver/Inc/Legacy -I../Drivers/CMSIS/Device/ST/STM32F4xx/Include -I../Drivers/CMSIS/Include -O0 -ffunction-sections -fdata-sections -Wall -fstack-usage -fcyclomatic-complexity -MMD -MP -MF"Core/Src/main.d" -MT"Core/Src/main.o" --specs=nano.specs -mfpu=fpv4-sp-d16 -mfloat-abi=hard -mthumb -o "Core/Src/main.o"
arm-none-eabi-gcc -o "stm32f407vet_blink_led.elf" @"objects.list"   -mcpu=cortex-m4 -T"D:\Workplace\STM32\stm32f407vet_blink_led\STM32F407VETX_FLASH.ld" --specs=nosys.specs -Wl,-Map="stm32f407vet_blink_led.map" -Wl,--gc-sections -static --specs=nano.specs -mfpu=fpv4-sp-d16 -mfloat-abi=hard -mthumb -Wl,--start-group -lc -lm -Wl,--end-group
Finished building target: stm32f407vet_blink_led.elf
 
arm-none-eabi-size  stm32f407vet_blink_led.elf 
arm-none-eabi-objdump -h -S stm32f407vet_blink_led.elf  > "stm32f407vet_blink_led.list"
arm-none-eabi-objcopy  -O ihex stm32f407vet_blink_led.elf  "stm32f407vet_blink_led.hex"
   text	   data	    bss	    dec	    hex	filename
   5992	     12	   1572	   7576	   1d98	stm32f407vet_blink_led.elf
arm-none-eabi-objcopy  -O binary stm32f407vet_blink_led.elf  "stm32f407vet_blink_led.bin"
Finished building: default.size.stdout
 
Finished building: stm32f407vet_blink_led.hex
Finished building: stm32f407vet_blink_led.list
Finished building: stm32f407vet_blink_led.bin
 
 
 

15:44:53 Build Finished. 0 errors, 0 warnings. (took 2s.176ms)

